docker : #0 building with "desktop-linux" 
instance using docker driver
At line:1 char:1
+ docker build --progress=plain ./frontend > 
build_output.txt 2>&1
+ ~~~~~~~~~~~~~~~~~~~~~~~~~~~~~~~~~~~~~~~~~~~~~~~~
~~~~~~~~~~~~~~~~
    + CategoryInfo          : NotSpecified: (#0 b 
   uilding wit...g docker driver:String) [], Rem  
  oteException
    + FullyQualifiedErrorId : NativeCommandError
 

#1 [internal] load build definition from 
Dockerfile
#1 DONE 0.0s

#1 [internal] load build definition from 
Dockerfile
#1 transferring dockerfile: 1.51kB done
#1 DONE 0.0s

#2 [internal] load metadata for 
docker.io/library/node:20-alpine
#2 DONE 0.2s

#3 [internal] load .dockerignore
#3 transferring context: 212B done
#3 DONE 0.0s

#4 [base 1/1] FROM docker.io/library/node:20-alpin
e@sha256:b88333c42c23fbd91596ebd7fd10de239cedab961
7de04142dde7315e3bc0afa
#4 resolve docker.io/library/node:20-alpine@sha256
:b88333c42c23fbd91596ebd7fd10de239cedab9617de04142
dde7315e3bc0afa 0.0s done
#4 DONE 0.0s

#5 [builder 1/4] WORKDIR /app
#5 CACHED

#6 [runner 2/6] RUN addgroup --system --gid 1001 
nodejs
#6 CACHED

#7 [runner 3/6] RUN adduser --system --uid 1001 
nextjs
#7 CACHED

#8 [internal] load build context
#8 transferring context: 7.24kB 0.0s done
#8 DONE 0.0s

#9 [deps 3/4] COPY package.json 
package-lock.json* ./
#9 CACHED

#10 [deps 1/4] RUN apk add --no-cache libc6-compat
#10 CACHED

#11 [deps 2/4] WORKDIR /app
#11 CACHED

#12 [deps 4/4] RUN npm ci
#12 CACHED

#13 [builder 2/4] COPY --from=deps 
/app/node_modules ./node_modules
#13 CACHED

#14 [builder 3/4] COPY . .
#14 CACHED

#15 [builder 4/4] RUN npm run build
#15 0.637 
#15 0.637 > frontend@0.1.0 build
#15 0.637 > next build
#15 0.637 
#15 1.910 ΓÜá `eslint` configuration in 
next.config.ts is no longer supported. See more 
info here: https://nextjs.org/docs/app/api-referen
ce/cli/next#next-lint-options
#15 1.919 ΓÜá Invalid next.config.ts options 
detected: 
#15 1.919 ΓÜá     Unrecognized key(s) in object: 
'eslint'
#15 1.919 ΓÜá See more info here: https://nextjs.o
rg/docs/messages/invalid-next-config
#15 1.938 Attention: Next.js now collects 
completely anonymous telemetry regarding usage.
#15 1.938 This information is used to shape 
Next.js' roadmap and prioritize features.
#15 1.938 You can learn more, including how to 
opt-out if you'd not like to participate in this 
anonymous program, by visiting the following URL:
#15 1.938 https://nextjs.org/telemetry
#15 1.938 
#15 1.955 Γû▓ Next.js 16.1.6 (Turbopack)
#15 1.955 
#15 2.089   Creating an optimized production 
build ...
#15 16.33 Γ£ô Compiled successfully in 13.4s
#15 16.34   Skipping validation of types
#15 16.54   Collecting page data using 7 workers 
...
#15 17.75   Generating static pages using 7 
workers (0/19) ...
#15 18.18 Error occurred prerendering page 
"/cart". Read more: 
https://nextjs.org/docs/messages/prerender-error
#15 18.19 Error: useOrder must be used within an 
OrderProvider
#15 18.19     at e (.next/server/chunks/ssr/[root-
of-the-server]__30d57820._.js:1:2797)
#15 18.19     at k (.next/server/chunks/ssr/[root-
of-the-server]__30d57820._.js:1:12736) {
#15 18.19   digest: '1512708052'
#15 18.19 }
#15 18.19 Export encountered an error on 
/cart/page: /cart, exiting the build.
#15 18.21 Γ¿» Next.js build worker exited with 
code: 1 and signal: null
#15 18.29 npm notice
#15 18.29 npm notice New major version of npm 
available! 10.8.2 -> 11.12.0
#15 18.29 npm notice Changelog: 
https://github.com/npm/cli/releases/tag/v11.12.0
#15 18.29 npm notice To update run: npm install 
-g npm@11.12.0
#15 18.29 npm notice
#15 ERROR: process "/bin/sh -c npm run build" did 
not complete successfully: exit code: 1
------
 > [builder 4/4] RUN npm run build:
18.19     at k (.next/server/chunks/ssr/[root-of-t
he-server]__30d57820._.js:1:12736) {
18.19   digest: '1512708052'
18.19 }
18.19 Export encountered an error on /cart/page: 
/cart, exiting the build.
18.21 Γ¿» Next.js build worker exited with code: 
1 and signal: null
18.29 npm notice
18.29 npm notice New major version of npm 
available! 10.8.2 -> 11.12.0
18.29 npm notice Changelog: 
https://github.com/npm/cli/releases/tag/v11.12.0
18.29 npm notice To update run: npm install -g 
npm@11.12.0
18.29 npm notice
------
Dockerfile:23
--------------------
  21 |     # ENV NEXT_TELEMETRY_DISABLED 1
  22 |     
  23 | >>> RUN npm run build
  24 |     
  25 |     # Production image, copy all the files 
and run next
--------------------
ERROR: failed to build: failed to solve: process 
"/bin/sh -c npm run build" did not complete 
successfully: exit code: 1

View build details: docker-desktop://dashboard/bui
ld/desktop-linux/desktop-linux/oof6b97hfyub513h948
7evo2u
